This file contains any messages produced by compilers while
running configure, to aid debugging if configure makes a mistake.

It was created by libva-v4l2-request configure 1.0.0, which was
generated by GNU Autoconf 2.71.  Invocation command line was

  $ ./configure --with-kernel-headers=/usr/include

## --------- ##
## Platform. ##
## --------- ##

hostname = orangepi4a
uname -m = aarch64
uname -r = 5.15.147-sun55iw3
uname -s = Linux
uname -v = #1.0.4 SMP PREEMPT Fri Apr 3 17:37:46 -03 2026

/usr/bin/uname -p = aarch64
/bin/uname -X     = unknown

/bin/arch              = aarch64
/usr/bin/arch -k       = unknown
/usr/convex/getsysinfo = unknown
/usr/bin/hostinfo      = unknown
/bin/machine           = unknown
/usr/bin/oslevel       = unknown
/bin/universe          = unknown

PATH: /usr/local/sbin/
PATH: /usr/local/bin/
PATH: /usr/sbin/
PATH: /usr/bin/
PATH: /sbin/
PATH: /bin/
PATH: /usr/games/
PATH: /usr/local/games/
PATH: /snap/bin/


## ----------- ##
## Core tests. ##
## ----------- ##

configure:2388: looking for aux files: config.guess config.sub ltmain.sh compile missing install-sh
configure:2401:  trying ./
configure:2430:   ./config.guess found
configure:2430:   ./config.sub found
configure:2430:   ./ltmain.sh found
configure:2430:   ./compile found
configure:2430:   ./missing found
configure:2412:   ./install-sh found
configure:2559: checking for a BSD-compatible install
configure:2632: result: /usr/bin/install -c
configure:2643: checking whether build environment is sane
configure:2698: result: yes
configure:2857: checking for a race-free mkdir -p
configure:2901: result: /usr/bin/mkdir -p
configure:2908: checking for gawk
configure:2929: found /usr/bin/gawk
configure:2940: result: gawk
configure:2951: checking whether make sets $(MAKE)
configure:2974: result: yes
configure:3004: checking whether make supports nested variables
configure:3022: result: yes
configure:3292: checking for gcc
configure:3313: found /usr/bin/gcc
configure:3324: result: gcc
configure:3677: checking for C compiler version
configure:3686: gcc --version >&5
gcc (Ubuntu 11.4.0-1ubuntu1~22.04.3) 11.4.0
Copyright (C) 2021 Free Software Foundation, Inc.
This is free software; see the source for copying conditions.  There is NO
warranty; not even for MERCHANTABILITY or FITNESS FOR A PARTICULAR PURPOSE.

configure:3697: $? = 0
configure:3686: gcc -v >&5
Using built-in specs.
COLLECT_GCC=gcc
COLLECT_LTO_WRAPPER=/usr/lib/gcc/aarch64-linux-gnu/11/lto-wrapper
Target: aarch64-linux-gnu
Configured with: ../src/configure -v --with-pkgversion='Ubuntu 11.4.0-1ubuntu1~22.04.3' --with-bugurl=file:///usr/share/doc/gcc-11/README.Bugs --enable-languages=c,ada,c++,go,d,fortran,objc,obj-c++,m2 --prefix=/usr --with-gcc-major-version-only --program-suffix=-11 --program-prefix=aarch64-linux-gnu- --enable-shared --enable-linker-build-id --libexecdir=/usr/lib --without-included-gettext --enable-threads=posix --libdir=/usr/lib --enable-nls --enable-bootstrap --enable-clocale=gnu --enable-libstdcxx-debug --enable-libstdcxx-time=yes --with-default-libstdcxx-abi=new --enable-gnu-unique-object --disable-libquadmath --disable-libquadmath-support --enable-plugin --enable-default-pie --with-system-zlib --enable-libphobos-checking=release --with-target-system-zlib=auto --enable-objc-gc=auto --enable-multiarch --enable-fix-cortex-a53-843419 --disable-werror --enable-checking=release --build=aarch64-linux-gnu --host=aarch64-linux-gnu --target=aarch64-linux-gnu --with-build-config=bootstrap-lto-lean --enable-link-serialization=4
Thread model: posix
Supported LTO compression algorithms: zlib zstd
gcc version 11.4.0 (Ubuntu 11.4.0-1ubuntu1~22.04.3) 
configure:3697: $? = 0
configure:3686: gcc -V >&5
gcc: error: unrecognized command-line option '-V'
gcc: fatal error: no input files
compilation terminated.
configure:3697: $? = 1
configure:3686: gcc -qversion >&5
gcc: error: unrecognized command-line option '-qversion'; did you mean '--version'?
gcc: fatal error: no input files
compilation terminated.
configure:3697: $? = 1
configure:3686: gcc -version >&5
gcc: error: unrecognized command-line option '-version'
gcc: fatal error: no input files
compilation terminated.
configure:3697: $? = 1
configure:3717: checking whether the C compiler works
configure:3739: gcc    conftest.c  >&5
configure:3743: $? = 0
configure:3793: result: yes
configure:3796: checking for C compiler default output file name
configure:3798: result: a.out
configure:3804: checking for suffix of executables
configure:3811: gcc -o conftest    conftest.c  >&5
configure:3815: $? = 0
configure:3838: result: 
configure:3860: checking whether we are cross compiling
configure:3868: gcc -o conftest    conftest.c  >&5
configure:3872: $? = 0
configure:3879: ./conftest
configure:3883: $? = 0
configure:3898: result: no
configure:3903: checking for suffix of object files
configure:3926: gcc -c   conftest.c >&5
configure:3930: $? = 0
configure:3952: result: o
configure:3956: checking whether the compiler supports GNU C
configure:3976: gcc -c   conftest.c >&5
configure:3976: $? = 0
configure:3986: result: yes
configure:3997: checking whether gcc accepts -g
configure:4018: gcc -c -g  conftest.c >&5
configure:4018: $? = 0
configure:4062: result: yes
configure:4082: checking for gcc option to enable C11 features
configure:4097: gcc  -c -g -O2  conftest.c >&5
configure:4097: $? = 0
configure:4115: result: none needed
configure:4231: checking whether gcc understands -c and -o together
configure:4254: gcc -c conftest.c -o conftest2.o
configure:4257: $? = 0
configure:4254: gcc -c conftest.c -o conftest2.o
configure:4257: $? = 0
configure:4269: result: yes
configure:4289: checking whether make supports the include directive
configure:4304: make -f confmf.GNU && cat confinc.out
this is the am__doit target
configure:4307: $? = 0
configure:4326: result: yes (GNU style)
configure:4352: checking dependency style of gcc
configure:4464: result: gcc3
configure:4511: checking build system type
configure:4526: result: aarch64-unknown-linux-gnu
configure:4546: checking host system type
configure:4560: result: aarch64-unknown-linux-gnu
configure:4601: checking how to print strings
configure:4628: result: printf
configure:4649: checking for a sed that does not truncate output
configure:4719: result: /usr/bin/sed
configure:4737: checking for grep that handles long lines and -e
configure:4801: result: /usr/bin/grep
configure:4806: checking for egrep
configure:4874: result: /usr/bin/grep -E
configure:4879: checking for fgrep
configure:4947: result: /usr/bin/grep -F
configure:4983: checking for ld used by gcc
configure:5051: result: /usr/bin/ld
configure:5058: checking if the linker (/usr/bin/ld) is GNU ld
configure:5074: result: yes
configure:5086: checking for BSD- or MS-compatible name lister (nm)
configure:5141: result: /usr/bin/nm -B
configure:5281: checking the name lister (/usr/bin/nm -B) interface
configure:5289: gcc -c -g -O2  conftest.c >&5
configure:5292: /usr/bin/nm -B "conftest.o"
configure:5295: output
0000000000000000 B some_variable
configure:5302: result: BSD nm
configure:5305: checking whether ln -s works
configure:5309: result: yes
configure:5317: checking the maximum length of command line arguments
configure:5449: result: 1572864
configure:5497: checking how to convert aarch64-unknown-linux-gnu file names to aarch64-unknown-linux-gnu format
configure:5538: result: func_convert_file_noop
configure:5545: checking how to convert aarch64-unknown-linux-gnu file names to toolchain format
configure:5566: result: func_convert_file_noop
configure:5573: checking for /usr/bin/ld option to reload object files
configure:5581: result: -r
configure:5660: checking for objdump
configure:5681: found /usr/bin/objdump
configure:5692: result: objdump
configure:5724: checking how to recognize dependent libraries
configure:5925: result: pass_all
configure:6015: checking for dlltool
configure:6050: result: no
configure:6080: checking how to associate runtime and link libraries
configure:6108: result: printf %s\n
configure:6174: checking for ar
configure:6195: found /usr/bin/ar
configure:6206: result: ar
configure:6243: checking for archiver @FILE support
configure:6261: gcc -c -g -O2  conftest.c >&5
configure:6261: $? = 0
configure:6265: ar cr libconftest.a @conftest.lst >&5
configure:6268: $? = 0
configure:6273: ar cr libconftest.a @conftest.lst >&5
ar: conftest.o: No such file or directory
configure:6276: $? = 1
configure:6288: result: @
configure:6351: checking for strip
configure:6372: found /usr/bin/strip
configure:6383: result: strip
configure:6460: checking for ranlib
configure:6481: found /usr/bin/ranlib
configure:6492: result: ranlib
configure:6594: checking command to parse /usr/bin/nm -B output from gcc object
configure:6748: gcc -c -g -O2  conftest.c >&5
configure:6751: $? = 0
configure:6755: /usr/bin/nm -B conftest.o | sed -n -e 's/^.*[	 ]\([ABCDGIRSTW][ABCDGIRSTW]*\)[	 ][	 ]*\([_A-Za-z][_A-Za-z0-9]*\)$/\1 \2 \2/p' | sed '/ __gnu_lto/d' > conftest.nm
configure:6821: gcc -o conftest -g -O2   conftest.c conftstm.o >&5
configure:6824: $? = 0
configure:6862: result: ok
configure:6909: checking for sysroot
configure:6940: result: no
configure:6947: checking for a working dd
configure:6991: result: /usr/bin/dd
configure:6995: checking how to truncate binary pipes
configure:7011: result: /usr/bin/dd bs=4096 count=1
configure:7348: checking for mt
configure:7369: found /usr/bin/mt
configure:7380: result: mt
configure:7403: checking if mt is a manifest tool
configure:7410: mt '-?'
configure:7418: result: no
configure:8148: checking for stdio.h
configure:8148: gcc -c -g -O2  conftest.c >&5
configure:8148: $? = 0
configure:8148: result: yes
configure:8148: checking for stdlib.h
configure:8148: gcc -c -g -O2  conftest.c >&5
configure:8148: $? = 0
configure:8148: result: yes
configure:8148: checking for string.h
configure:8148: gcc -c -g -O2  conftest.c >&5
configure:8148: $? = 0
configure:8148: result: yes
configure:8148: checking for inttypes.h
configure:8148: gcc -c -g -O2  conftest.c >&5
configure:8148: $? = 0
configure:8148: result: yes
configure:8148: checking for stdint.h
configure:8148: gcc -c -g -O2  conftest.c >&5
configure:8148: $? = 0
configure:8148: result: yes
configure:8148: checking for strings.h
configure:8148: gcc -c -g -O2  conftest.c >&5
configure:8148: $? = 0
configure:8148: result: yes
configure:8148: checking for sys/stat.h
configure:8148: gcc -c -g -O2  conftest.c >&5
configure:8148: $? = 0
configure:8148: result: yes
configure:8148: checking for sys/types.h
configure:8148: gcc -c -g -O2  conftest.c >&5
configure:8148: $? = 0
configure:8148: result: yes
configure:8148: checking for unistd.h
configure:8148: gcc -c -g -O2  conftest.c >&5
configure:8148: $? = 0
configure:8148: result: yes
configure:8173: checking for dlfcn.h
configure:8173: gcc -c -g -O2  conftest.c >&5
configure:8173: $? = 0
configure:8173: result: yes
configure:8370: checking for objdir
configure:8386: result: .libs
configure:8646: checking if gcc supports -fno-rtti -fno-exceptions
configure:8665: gcc -c -g -O2  -fno-rtti -fno-exceptions conftest.c >&5
cc1: warning: command-line option '-fno-rtti' is valid for C++/D/ObjC++ but not for C
configure:8669: $? = 0
configure:8682: result: no
configure:9046: checking for gcc option to produce PIC
configure:9054: result: -fPIC -DPIC
configure:9062: checking if gcc PIC flag -fPIC -DPIC works
configure:9081: gcc -c -g -O2  -fPIC -DPIC -DPIC conftest.c >&5
configure:9085: $? = 0
configure:9098: result: yes
configure:9127: checking if gcc static flag -static works
configure:9156: result: yes
configure:9171: checking if gcc supports -c -o file.o
configure:9193: gcc -c -g -O2  -o out/conftest2.o conftest.c >&5
configure:9197: $? = 0
configure:9219: result: yes
configure:9227: checking if gcc supports -c -o file.o
configure:9275: result: yes
configure:9308: checking whether the gcc linker (/usr/bin/ld) supports shared libraries
configure:10578: result: yes
configure:10615: checking whether -lc should be explicitly linked in
configure:10624: gcc -c -g -O2  conftest.c >&5
configure:10627: $? = 0
configure:10642: gcc -shared  -fPIC -DPIC conftest.o  -v -Wl,-soname -Wl,conftest -o conftest 2\>\&1 \| /usr/bin/grep  -lc  \>/dev/null 2\>\&1
configure:10645: $? = 0
configure:10659: result: no
configure:10819: checking dynamic linker characteristics
configure:11401: gcc -o conftest -g -O2   -Wl,-rpath -Wl,/foo conftest.c  >&5
configure:11401: $? = 0
configure:11652: result: GNU/Linux ld.so
configure:11774: checking how to hardcode library paths into programs
configure:11799: result: immediate
configure:12351: checking whether stripping libraries is possible
configure:12356: result: yes
configure:12391: checking if libtool supports shared libraries
configure:12393: result: yes
configure:12396: checking whether to build shared libraries
configure:12421: result: yes
configure:12424: checking whether to build static libraries
configure:12428: result: no
configure:12475: checking dependency style of gcc
configure:12585: result: gcc3
configure:12660: checking for pkg-config
configure:12683: found /usr/bin/pkg-config
configure:12695: result: /usr/bin/pkg-config
configure:12720: checking pkg-config is at least version 0.9.0
configure:12723: result: yes
configure:12733: checking for libva >= 1.1.0
configure:12740: $PKG_CONFIG --exists --print-errors "libva >= 1.1.0"
configure:12743: $? = 0
configure:12757: $PKG_CONFIG --exists --print-errors "libva >= 1.1.0"
configure:12760: $? = 0
configure:12818: result: yes
configure:12824: checking for libdrm >= 2.4.52
configure:12831: $PKG_CONFIG --exists --print-errors "libdrm >= 2.4.52"
configure:12834: $? = 0
configure:12848: $PKG_CONFIG --exists --print-errors "libdrm >= 2.4.52"
configure:12851: $? = 0
configure:12909: result: yes
configure:13032: checking that generated files are newer than configure
configure:13038: result: done
configure:13065: creating ./config.status

## ---------------------- ##
## Running config.status. ##
## ---------------------- ##

This file was extended by libva-v4l2-request config.status 1.0.0, which was
generated by GNU Autoconf 2.71.  Invocation command line was

  CONFIG_FILES    = 
  CONFIG_HEADERS  = 
  CONFIG_LINKS    = 
  CONFIG_COMMANDS = 
  $ ./config.status 

on orangepi4a

config.status:1093: creating Makefile
config.status:1093: creating src/Makefile
config.status:1093: creating src/autoconfig.h
config.status:1274: src/autoconfig.h is unchanged
config.status:1322: executing depfiles commands
config.status:1399: cd src       && sed -e '/# am--include-marker/d' Makefile         | make -f - am--depfiles
make: Nothing to be done for 'am--depfiles'.
config.status:1404: $? = 0
config.status:1322: executing libtool commands
configure:15203: WARNING: unrecognized options: --with-kernel-headers

## ---------------- ##
## Cache variables. ##
## ---------------- ##

ac_cv_build=aarch64-unknown-linux-gnu
ac_cv_c_compiler_gnu=yes
ac_cv_env_CCASFLAGS_set=
ac_cv_env_CCASFLAGS_value=
ac_cv_env_CCAS_set=
ac_cv_env_CCAS_value=
ac_cv_env_CC_set=
ac_cv_env_CC_value=
ac_cv_env_CFLAGS_set=
ac_cv_env_CFLAGS_value=
ac_cv_env_CPPFLAGS_set=
ac_cv_env_CPPFLAGS_value=
ac_cv_env_DRM_CFLAGS_set=
ac_cv_env_DRM_CFLAGS_value=
ac_cv_env_DRM_LIBS_set=
ac_cv_env_DRM_LIBS_value=
ac_cv_env_LDFLAGS_set=
ac_cv_env_LDFLAGS_value=
ac_cv_env_LIBS_set=
ac_cv_env_LIBS_value=
ac_cv_env_LIBVA_CFLAGS_set=
ac_cv_env_LIBVA_CFLAGS_value=
ac_cv_env_LIBVA_LIBS_set=
ac_cv_env_LIBVA_LIBS_value=
ac_cv_env_LT_SYS_LIBRARY_PATH_set=
ac_cv_env_LT_SYS_LIBRARY_PATH_value=
ac_cv_env_PKG_CONFIG_LIBDIR_set=
ac_cv_env_PKG_CONFIG_LIBDIR_value=
ac_cv_env_PKG_CONFIG_PATH_set=
ac_cv_env_PKG_CONFIG_PATH_value=
ac_cv_env_PKG_CONFIG_set=
ac_cv_env_PKG_CONFIG_value=
ac_cv_env_build_alias_set=
ac_cv_env_build_alias_value=
ac_cv_env_host_alias_set=
ac_cv_env_host_alias_value=
ac_cv_env_target_alias_set=
ac_cv_env_target_alias_value=
ac_cv_header_dlfcn_h=yes
ac_cv_header_inttypes_h=yes
ac_cv_header_stdint_h=yes
ac_cv_header_stdio_h=yes
ac_cv_header_stdlib_h=yes
ac_cv_header_string_h=yes
ac_cv_header_strings_h=yes
ac_cv_header_sys_stat_h=yes
ac_cv_header_sys_types_h=yes
ac_cv_header_unistd_h=yes
ac_cv_host=aarch64-unknown-linux-gnu
ac_cv_objext=o
ac_cv_path_EGREP='/usr/bin/grep -E'
ac_cv_path_FGREP='/usr/bin/grep -F'
ac_cv_path_GREP=/usr/bin/grep
ac_cv_path_SED=/usr/bin/sed
ac_cv_path_ac_pt_PKG_CONFIG=/usr/bin/pkg-config
ac_cv_path_install='/usr/bin/install -c'
ac_cv_path_lt_DD=/usr/bin/dd
ac_cv_path_mkdir=/usr/bin/mkdir
ac_cv_prog_AWK=gawk
ac_cv_prog_ac_ct_AR=ar
ac_cv_prog_ac_ct_CC=gcc
ac_cv_prog_ac_ct_MANIFEST_TOOL=mt
ac_cv_prog_ac_ct_OBJDUMP=objdump
ac_cv_prog_ac_ct_RANLIB=ranlib
ac_cv_prog_ac_ct_STRIP=strip
ac_cv_prog_cc_c11=
ac_cv_prog_cc_g=yes
ac_cv_prog_cc_stdc=
ac_cv_prog_make_make_set=yes
am_cv_CCAS_dependencies_compiler_type=gcc3
am_cv_CC_dependencies_compiler_type=gcc3
am_cv_make_support_nested_variables=yes
am_cv_prog_cc_c_o=yes
lt_cv_ar_at_file=@
lt_cv_archive_cmds_need_lc=no
lt_cv_deplibs_check_method=pass_all
lt_cv_file_magic_cmd='$MAGIC_CMD'
lt_cv_file_magic_test_file=
lt_cv_ld_reload_flag=-r
lt_cv_nm_interface='BSD nm'
lt_cv_objdir=.libs
lt_cv_path_LD=/usr/bin/ld
lt_cv_path_NM='/usr/bin/nm -B'
lt_cv_path_mainfest_tool=no
lt_cv_prog_compiler_c_o=yes
lt_cv_prog_compiler_pic='-fPIC -DPIC'
lt_cv_prog_compiler_pic_works=yes
lt_cv_prog_compiler_rtti_exceptions=no
lt_cv_prog_compiler_static_works=yes
lt_cv_prog_gnu_ld=yes
lt_cv_sharedlib_from_linklib_cmd='printf %s\n'
lt_cv_shlibpath_overrides_runpath=yes
lt_cv_sys_global_symbol_pipe='sed -n -e '\''s/^.*[	 ]\([ABCDGIRSTW][ABCDGIRSTW]*\)[	 ][	 ]*\([_A-Za-z][_A-Za-z0-9]*\)$/\1 \2 \2/p'\'' | sed '\''/ __gnu_lto/d'\'''
lt_cv_sys_global_symbol_to_c_name_address='sed -n -e '\''s/^: \(.*\) .*$/  {"\1", (void *) 0},/p'\'' -e '\''s/^[ABCDGIRSTW][ABCDGIRSTW]* .* \(.*\)$/  {"\1", (void *) \&\1},/p'\'''
lt_cv_sys_global_symbol_to_c_name_address_lib_prefix='sed -n -e '\''s/^: \(.*\) .*$/  {"\1", (void *) 0},/p'\'' -e '\''s/^[ABCDGIRSTW][ABCDGIRSTW]* .* \(lib.*\)$/  {"\1", (void *) \&\1},/p'\'' -e '\''s/^[ABCDGIRSTW][ABCDGIRSTW]* .* \(.*\)$/  {"lib\1", (void *) \&\1},/p'\'''
lt_cv_sys_global_symbol_to_cdecl='sed -n -e '\''s/^T .* \(.*\)$/extern int \1();/p'\'' -e '\''s/^[ABCDGIRSTW][ABCDGIRSTW]* .* \(.*\)$/extern char \1;/p'\'''
lt_cv_sys_global_symbol_to_import=
lt_cv_sys_max_cmd_len=1572864
lt_cv_to_host_file_cmd=func_convert_file_noop
lt_cv_to_tool_file_cmd=func_convert_file_noop
lt_cv_truncate_bin='/usr/bin/dd bs=4096 count=1'
pkg_cv_DRM_CFLAGS=-I/usr/include/libdrm
pkg_cv_DRM_LIBS=-ldrm
pkg_cv_LIBVA_CFLAGS=
pkg_cv_LIBVA_LIBS=-lva

## ----------------- ##
## Output variables. ##
## ----------------- ##

ACLOCAL='${SHELL} '\''/home/orangepi/libva-v4l2-request/missing'\'' aclocal-1.16'
AMDEPBACKSLASH='\'
AMDEP_FALSE='#'
AMDEP_TRUE=''
AMTAR='$${TAR-tar}'
AM_BACKSLASH='\'
AM_DEFAULT_V='$(AM_DEFAULT_VERBOSITY)'
AM_DEFAULT_VERBOSITY='1'
AM_V='$(V)'
AR='ar'
AUTOCONF='${SHELL} '\''/home/orangepi/libva-v4l2-request/missing'\'' autoconf'
AUTOHEADER='${SHELL} '\''/home/orangepi/libva-v4l2-request/missing'\'' autoheader'
AUTOMAKE='${SHELL} '\''/home/orangepi/libva-v4l2-request/missing'\'' automake-1.16'
AWK='gawk'
CC='gcc'
CCAS='gcc'
CCASDEPMODE='depmode=gcc3'
CCASFLAGS='-g -O2'
CCDEPMODE='depmode=gcc3'
CFLAGS='-g -O2'
CPPFLAGS=''
CSCOPE='cscope'
CTAGS='ctags'
CYGPATH_W='echo'
DEFS='-DHAVE_CONFIG_H'
DEPDIR='.deps'
DLLTOOL='false'
DRM_CFLAGS='-I/usr/include/libdrm'
DRM_LIBS='-ldrm'
DSYMUTIL=''
DUMPBIN=''
ECHO_C=''
ECHO_N='-n'
ECHO_T=''
EGREP='/usr/bin/grep -E'
ETAGS='etags'
EXEEXT=''
FGREP='/usr/bin/grep -F'
GREP='/usr/bin/grep'
INSTALL_DATA='${INSTALL} -m 644'
INSTALL_PROGRAM='${INSTALL}'
INSTALL_SCRIPT='${INSTALL}'
INSTALL_STRIP_PROGRAM='$(install_sh) -c -s'
LD='/usr/bin/ld'
LDFLAGS=''
LIBOBJS=''
LIBS=''
LIBTOOL='$(SHELL) $(top_builddir)/libtool'
LIBVA_CFLAGS=''
LIBVA_LIBS='-lva'
LIPO=''
LN_S='ln -s'
LTLIBOBJS=''
LT_SYS_LIBRARY_PATH=''
MAKEINFO='${SHELL} '\''/home/orangepi/libva-v4l2-request/missing'\'' makeinfo'
MANIFEST_TOOL=':'
MKDIR_P='/usr/bin/mkdir -p'
NM='/usr/bin/nm -B'
NMEDIT=''
OBJDUMP='objdump'
OBJEXT='o'
OTOOL64=''
OTOOL=''
PACKAGE='libva-v4l2-request'
PACKAGE_BUGREPORT='paul.kocialkowski@bootlin.com'
PACKAGE_NAME='libva-v4l2-request'
PACKAGE_STRING='libva-v4l2-request 1.0.0'
PACKAGE_TARNAME='libva-v4l2-request'
PACKAGE_URL=''
PACKAGE_VERSION='1.0.0'
PATH_SEPARATOR=':'
PKG_CONFIG='/usr/bin/pkg-config'
PKG_CONFIG_LIBDIR=''
PKG_CONFIG_PATH=''
RANLIB='ranlib'
SED='/usr/bin/sed'
SET_MAKE=''
SHELL='/bin/bash'
STRIP='strip'
VERSION='1.0.0'
ac_ct_AR='ar'
ac_ct_CC='gcc'
ac_ct_DUMPBIN=''
am__EXEEXT_FALSE=''
am__EXEEXT_TRUE='#'
am__fastdepCCAS_FALSE='#'
am__fastdepCCAS_TRUE=''
am__fastdepCC_FALSE='#'
am__fastdepCC_TRUE=''
am__include='include'
am__isrc=''
am__leading_dot='.'
am__nodep='_no'
am__quote=''
am__tar='$${TAR-tar} chof - "$$tardir"'
am__untar='$${TAR-tar} xf -'
bindir='${exec_prefix}/bin'
build='aarch64-unknown-linux-gnu'
build_alias=''
build_cpu='aarch64'
build_os='linux-gnu'
build_vendor='unknown'
datadir='${datarootdir}'
datarootdir='${prefix}/share'
docdir='${datarootdir}/doc/${PACKAGE_TARNAME}'
dvidir='${docdir}'
exec_prefix='${prefix}'
host='aarch64-unknown-linux-gnu'
host_alias=''
host_cpu='aarch64'
host_os='linux-gnu'
host_vendor='unknown'
htmldir='${docdir}'
includedir='${prefix}/include'
infodir='${datarootdir}/info'
install_sh='${SHELL} /home/orangepi/libva-v4l2-request/install-sh'
libdir='${exec_prefix}/lib'
libexecdir='${exec_prefix}/libexec'
localedir='${datarootdir}/locale'
localstatedir='${prefix}/var'
mandir='${datarootdir}/man'
mkdir_p='$(MKDIR_P)'
oldincludedir='/usr/include'
pdfdir='${docdir}'
prefix='/usr/local'
program_transform_name='s,x,x,'
psdir='${docdir}'
runstatedir='${localstatedir}/run'
sbindir='${exec_prefix}/sbin'
sharedstatedir='${prefix}/com'
sysconfdir='${prefix}/etc'
target_alias=''

## ----------- ##
## confdefs.h. ##
## ----------- ##

/* confdefs.h */
#define PACKAGE_NAME "libva-v4l2-request"
#define PACKAGE_TARNAME "libva-v4l2-request"
#define PACKAGE_VERSION "1.0.0"
#define PACKAGE_STRING "libva-v4l2-request 1.0.0"
#define PACKAGE_BUGREPORT "paul.kocialkowski@bootlin.com"
#define PACKAGE_URL ""
#define PACKAGE "libva-v4l2-request"
#define VERSION "1.0.0"
#define HAVE_STDIO_H 1
#define HAVE_STDLIB_H 1
#define HAVE_STRING_H 1
#define HAVE_INTTYPES_H 1
#define HAVE_STDINT_H 1
#define HAVE_STRINGS_H 1
#define HAVE_SYS_STAT_H 1
#define HAVE_SYS_TYPES_H 1
#define HAVE_UNISTD_H 1
#define STDC_HEADERS 1
#define HAVE_DLFCN_H 1
#define LT_OBJDIR ".libs/"
#define VA_DRIVER_INIT_FUNC __vaDriverInit_1_14

configure: exit 0
